
============================================================
[2026-09-03 00:19:18] ===== بدء جلسة جديدة =====
[2026-09-03 00:19:18] [PostgreSQL] ℹ️ Linux: تم تعطيل أزرار خدمة PostgreSQL — التشغيل المباشر فقط
[2026-09-03 00:19:20] [PostgreSQL] ▶ تشغيل PostgreSQL...
[2026-09-03 00:19:20] [PostgreSQL] ✅ تم تشغيل PostgreSQL
[2026-09-03 00:23:09] [PostgreSQL] ⏹ إيقاف PostgreSQL...
[2026-09-03 00:23:09] [PostgreSQL] ❌ فشل إيقاف PostgreSQL

============================================================
[2026-09-03 00:25:21] ===== بدء جلسة جديدة =====
[2026-09-03 00:25:21] [PostgreSQL] ℹ️ Linux: تم تعطيل أزرار خدمة PostgreSQL — التشغيل المباشر فقط
[2026-09-03 00:27:02] 🔴 بدء إجراء الإغلاق...
[2026-09-03 00:27:03] 🔓 تم مسح الجلسة والتوكن
[2026-09-03 00:27:03] 👋 إغلاق التطبيق

============================================================
[2026-09-03 00:30:02] ===== بدء جلسة جديدة =====
[2026-09-03 00:30:02] [Login] ✅ تسجيل دخول ناجح: admin
[2026-09-03 00:30:16] 🔄 إعادة تسجيل الدخول — مسح الجلسة فقط
[2026-09-03 00:30:16] 🔓 تم مسح الجلسة والتوكن
[2026-09-03 00:30:23] [PostgreSQL] ℹ️ Linux: تم تعطيل أزرار خدمة PostgreSQL — التشغيل المباشر فقط
[2026-09-03 00:30:29] [PostgreSQL] 📋 عرض قواعد البيانات...
[2026-09-03 00:30:45] [PostgreSQL] ✅ تم عرض قواعد البيانات
[2026-09-03 00:30:54] [PostgreSQL] 💾 طلب نسخة احتياطية...
[2026-09-03 00:30:54] [PostgreSQL] ❌ فشل النسخ الاحتياطي: يجب تسجيل الدخول للوصول إلى هذا المورد
[2026-09-03 00:31:08] [Backend] ℹ️ Linux: تم تعطيل أزرار الخدمة — التشغيل المباشر فقط متاح

============================================================
[2026-09-03 00:38:27] ===== بدء جلسة جديدة =====
[2026-09-03 00:38:27] [Login] ✅ تسجيل دخول ناجح: admin
[2026-09-03 00:38:38] 🔄 إعادة تسجيل الدخول — مسح الجلسة فقط
[2026-09-03 00:38:38] 🔓 تم مسح الجلسة والتوكن
[2026-09-03 00:38:45] [PostgreSQL] ℹ️ Linux: تم تعطيل أزرار خدمة PostgreSQL — التشغيل المباشر فقط
[2026-09-03 00:39:47] [Backend] ℹ️ Linux: تم تعطيل أزرار الخدمة — التشغيل المباشر فقط متاح
[2026-09-03 00:54:49] [Login] ✅ تسجيل دخول ناجح: admin

============================================================
[2026-09-03 00:56:07] ===== بدء جلسة جديدة =====
[2026-09-03 00:56:07] [Login] ✅ تسجيل دخول ناجح: admin
[2026-09-03 00:56:35] 🔴 بدء إجراء الإغلاق...
[2026-09-03 00:56:35] 🔓 تم مسح الجلسة والتوكن
[2026-09-03 00:56:36] ⏹ إيقاف PostgreSQL...
[2026-09-03 00:56:36] ✅ تم إيقاف PostgreSQL
[2026-09-03 00:56:36] 👋 إغلاق التطبيق

============================================================
[2026-09-03 01:02:01] ===== بدء جلسة جديدة =====
[2026-09-03 01:02:01] [PostgreSQL] ℹ️ Linux: تم تعطيل أزرار خدمة PostgreSQL — التشغيل المباشر فقط
[2026-09-03 01:02:03] [PostgreSQL] ▶ تشغيل PostgreSQL...
[2026-09-03 01:02:03] [PostgreSQL] ✅ تم تشغيل PostgreSQL
[2026-09-03 01:02:43] [Login] ✅ تسجيل دخول ناجح: admin
[2026-09-03 01:02:53] 🔄 إعادة تسجيل الدخول — مسح الجلسة فقط
[2026-09-03 01:02:53] 🔓 تم مسح الجلسة والتوكن
[2026-09-03 01:02:56] [Login] ✅ تسجيل دخول ناجح: admin
[2026-09-03 01:03:06] 🔄 إعادة تسجيل الدخول — مسح الجلسة فقط
[2026-09-03 01:03:06] 🔓 تم مسح الجلسة والتوكن
[2026-09-03 01:03:09] [Login] ✅ تسجيل دخول ناجح: admin

============================================================
[2026-09-03 01:08:05] ===== بدء جلسة جديدة =====
[2026-09-03 01:08:05] [Login] ✅ تسجيل دخول ناجح: admin

============================================================
[2026-09-03 01:08:53] ===== بدء جلسة جديدة =====
[2026-09-03 01:08:53] [Login] ✅ تسجيل دخول ناجح: admin

============================================================
[2026-09-03 01:13:51] ===== بدء جلسة جديدة =====
[2026-09-03 01:13:51] [Login] ✅ تسجيل دخول ناجح: admin
[2026-09-03 01:14:28] 🔄 إعادة تسجيل الدخول — مسح الجلسة فقط
[2026-09-03 01:14:28] 🔓 تم مسح الجلسة والتوكن
[2026-09-03 01:14:30] [Login] ✅ تسجيل دخول ناجح: admin
[2026-09-03 01:14:43] 🔄 إعادة تسجيل الدخول — مسح الجلسة فقط
[2026-09-03 01:14:43] 🔓 تم مسح الجلسة والتوكن
[2026-09-03 01:14:45] [Login] ✅ تسجيل دخول ناجح: admin

============================================================
[2026-09-03 17:55:02] ===== بدء جلسة جديدة =====
[2026-09-03 17:55:02] [Login] ✅ تسجيل دخول ناجح: admin
[2026-09-03 17:55:23] 🔄 إعادة تسجيل الدخول — مسح الجلسة فقط
[2026-09-03 17:55:23] 🔓 تم مسح الجلسة والتوكن
[2026-09-03 17:55:41] [Login] ✅ تسجيل دخول ناجح: admin
[2026-09-03 17:56:29] 🔄 إعادة تسجيل الدخول — مسح الجلسة فقط
[2026-09-03 17:56:29] 🔓 تم مسح الجلسة والتوكن
[2026-09-03 17:56:38] [Login] ✅ تسجيل دخول ناجح: admin
[2026-09-03 18:00:51] 🔴 بدء إجراء الإغلاق...
[2026-09-03 18:00:51] 🔓 تم مسح الجلسة والتوكن
[2026-09-03 18:00:51] 👋 إغلاق التطبيق

============================================================
[2026-09-03 18:04:01] ===== بدء جلسة جديدة =====
[2026-09-03 18:04:01] [Login] ✅ تسجيل دخول ناجح: admin

============================================================
[2026-09-03 18:19:14] ===== بدء جلسة جديدة =====
[2026-09-03 18:19:14] [Login] ✅ تسجيل دخول ناجح: admin

============================================================
[2026-09-03 18:26:40] ===== بدء جلسة جديدة =====
[2026-09-03 18:26:40] [Login] ✅ تسجيل دخول ناجح: admin

============================================================
[2026-09-03 18:27:58] ===== بدء جلسة جديدة =====
[2026-09-03 18:27:58] [Login] ✅ تسجيل دخول ناجح: admin

============================================================
[2026-09-03 18:29:02] ===== بدء جلسة جديدة =====
[2026-09-03 18:29:02] [Login] ✅ تسجيل دخول ناجح: admin

============================================================
[2026-09-03 18:35:03] ===== بدء جلسة جديدة =====
[2026-09-03 18:35:03] [Login] ✅ تسجيل دخول ناجح: admin
[2026-09-03 18:35:32] [PostgreSQL] ℹ️ Linux: تم تعطيل أزرار خدمة PostgreSQL — التشغيل المباشر فقط

============================================================
[2026-09-03 19:26:17] ===== بدء جلسة جديدة =====
[2026-09-03 19:26:17] [Login] ✅ تسجيل دخول ناجح: admin

============================================================
[2026-09-03 19:28:27] ===== بدء جلسة جديدة =====
[2026-09-03 19:28:27] [Login] ✅ تسجيل دخول ناجح: admin
[2026-09-03 19:28:49] [Backend] ℹ️ Linux: تم تعطيل أزرار الخدمة — التشغيل المباشر فقط متاح
[2026-09-03 19:28:56] [PostgreSQL] ℹ️ Linux: تم تعطيل أزرار خدمة PostgreSQL — التشغيل المباشر فقط
[2026-09-03 20:09:45] 🔴 بدء إجراء الإغلاق...
[2026-09-03 20:09:45] 🔓 تم مسح الجلسة والتوكن
[2026-09-03 20:09:45] ⏹ إيقاف PostgreSQL...
[2026-09-03 20:09:46] ✅ تم إيقاف PostgreSQL
[2026-09-03 20:09:46] 👋 إغلاق التطبيق

============================================================
[2026-09-03 21:04:36] ===== بدء جلسة جديدة =====
[2026-09-03 21:04:36] [Backend] ℹ️ Linux: تم تعطيل أزرار الخدمة — التشغيل المباشر فقط متاح

============================================================
[2026-09-03 21:11:49] ===== بدء جلسة جديدة =====
[2026-09-03 21:11:49] [Backend] ℹ️ Linux: تم تعطيل أزرار الخدمة — التشغيل المباشر فقط متاح
[2026-09-03 21:11:59] [Backend] ▶ تشغيل Backend...
[2026-09-03 21:11:59] [Backend] ✅ تم تشغيل Backend
[2026-09-03 21:12:06] [Backend] ⏹ إيقاف Backend...
[2026-09-03 21:12:07] [Backend] ✅ تم إيقاف Backend
[2026-09-03 21:12:50] 🔴 بدء إجراء الإغلاق...
[2026-09-03 21:12:50] 🔓 تم مسح الجلسة والتوكن
[2026-09-03 21:12:50] ⏹ إيقاف PostgreSQL...
[2026-09-03 21:12:51] ✅ تم إيقاف PostgreSQL
[2026-09-03 21:12:51] 👋 إغلاق التطبيق

============================================================
[2026-09-03 21:23:33] ===== بدء جلسة جديدة =====
[2026-09-03 21:23:33] [PostgreSQL] ℹ️ Linux: تم تعطيل أزرار خدمة PostgreSQL — التشغيل المباشر فقط
[2026-09-03 21:23:35] [PostgreSQL] ▶ تشغيل PostgreSQL...
[2026-09-03 21:23:36] [PostgreSQL] ✅ تم تشغيل PostgreSQL
[2026-09-03 21:23:42] [Backend] ℹ️ Linux: تم تعطيل أزرار الخدمة — التشغيل المباشر فقط متاح
[2026-09-03 21:24:11] [Backend] ▶ تشغيل Backend...
[2026-09-03 21:24:11] [Backend] ✅ تم تشغيل Backend
[2026-09-03 21:25:02] [PostgreSQL] 📋 عرض قواعد البيانات...
[2026-09-03 21:25:08] [PostgreSQL] ✅ تم عرض قواعد البيانات
[2026-09-03 21:25:46] [Login] ✅ تسجيل دخول ناجح: admin

============================================================
[2026-09-03 21:27:03] ===== بدء جلسة جديدة =====
[2026-09-03 21:27:03] [PostgreSQL] ℹ️ Linux: تم تعطيل أزرار خدمة PostgreSQL — التشغيل المباشر فقط

============================================================
[2026-09-03 21:27:38] ===== بدء جلسة جديدة =====
[2026-09-03 21:27:38] [Login] تشغيل Backend في وضع Standalone
[2026-09-03 21:27:43] [Login] تشغيل Backend في وضع Standalone
[2026-09-03 21:27:44] [Login] تشغيل Backend في وضع Standalone
[2026-09-03 21:27:44] [Login] تشغيل Backend في وضع Standalone
[2026-09-03 21:27:45] [Login] تشغيل Backend في وضع Standalone
[2026-09-03 21:27:51] [PostgreSQL] ℹ️ Linux: تم تعطيل أزرار خدمة PostgreSQL — التشغيل المباشر فقط
[2026-09-03 21:27:59] [Backend] ℹ️ Linux: تم تعطيل أزرار الخدمة — التشغيل المباشر فقط متاح

============================================================
[2026-09-03 21:30:29] ===== بدء جلسة جديدة =====
[2026-09-03 21:30:29] [Login] تشغيل Backend في وضع Standalone
[2026-09-03 21:31:39] [Login] تشغيل Backend في وضع Standalone

============================================================
[2026-09-03 21:34:26] ===== بدء جلسة جديدة =====
[2026-09-03 21:34:26] [Login] تشغيل Backend في وضع Standalone
[2026-09-03 21:35:01] [Backend] ℹ️ Linux: تم تعطيل أزرار الخدمة — التشغيل المباشر فقط متاح
[2026-09-03 21:35:08] [Backend] ▶ تشغيل Backend...
[2026-09-03 21:35:08] [Backend] ✅ تم تشغيل Backend
[2026-09-03 21:36:42] [Login] ✅ Backend جاهز بعد 1 ثانية
[2026-09-03 21:36:45] [Login] ✅ تسجيل دخول ناجح: admin
[2026-09-03 22:02:47] 🔴 بدء إجراء الإغلاق...
[2026-09-03 22:02:47] 🔓 تم مسح الجلسة والتوكن
[2026-09-03 22:02:47] ⏹ إيقاف Backend...
[2026-09-03 22:02:48] ✅ تم إيقاف Backend
[2026-09-03 22:02:48] ⏹ إيقاف PostgreSQL...
[2026-09-03 22:02:48] ✅ تم إيقاف PostgreSQL
[2026-09-03 22:02:48] 👋 إغلاق التطبيق

============================================================
[2026-09-03 22:03:27] ===== بدء جلسة جديدة =====
[2026-09-03 22:03:27] [Login] تشغيل PostgreSQL في وضع Standalone
[2026-09-03 22:03:42] [PostgreSQL] ℹ️ Linux: تم تعطيل أزرار خدمة PostgreSQL — التشغيل المباشر فقط
[2026-09-03 22:05:20] [Login] تشغيل PostgreSQL في وضع Standalone
[2026-09-03 22:05:52] [Login] تشغيل PostgreSQL في وضع Standalone
[2026-09-03 22:05:55] [Login] تشغيل PostgreSQL في وضع Standalone
[2026-09-03 22:06:01] [PostgreSQL] ▶ تشغيل PostgreSQL...
[2026-09-03 22:06:02] [PostgreSQL] ✅ تم تشغيل PostgreSQL
[2026-09-03 22:06:13] [Backend] ℹ️ Linux: تم تعطيل أزرار الخدمة — التشغيل المباشر فقط متاح
[2026-09-03 22:06:16] [Backend] ▶ تشغيل Backend...
[2026-09-03 22:06:16] [Backend] ✅ تم تشغيل Backend
[2026-09-03 22:07:00] [Login] ✅ Backend جاهز بعد 1 ثانية
[2026-09-03 22:07:02] [Login] ✅ تسجيل دخول ناجح: admin
[2026-09-03 22:07:08] 🔴 بدء إجراء الإغلاق...
[2026-09-03 22:07:08] 🔓 تم مسح الجلسة والتوكن
[2026-09-03 22:07:08] ⏹ إيقاف Backend...
[2026-09-03 22:07:09] ✅ تم إيقاف Backend
[2026-09-03 22:07:09] ⏹ إيقاف PostgreSQL...
[2026-09-03 22:07:09] ✅ تم إيقاف PostgreSQL
[2026-09-03 22:07:09] 👋 إغلاق التطبيق

============================================================
[2026-09-03 22:07:44] ===== بدء جلسة جديدة =====
[2026-09-03 22:07:44] [Login] تشغيل PostgreSQL في وضع Standalone

============================================================
[2026-09-03 22:13:50] ===== بدء جلسة جديدة =====
[2026-09-03 22:13:50] [Login] تشغيل PostgreSQL في وضع Standalone
[2026-09-03 22:13:52] [Login] تشغيل Backend في وضع Standalone
[2026-09-03 22:14:46] [Login] ✅ Backend جاهز بعد 11 ثانية
[2026-09-03 22:14:57] [Login] ✅ Backend جاهز بعد 1 ثانية
[2026-09-03 22:14:58] [Login] ✅ تسجيل دخول ناجح: admin

============================================================
[2026-09-04 17:43:54] ===== بدء جلسة جديدة =====
[2026-09-04 17:43:54] [Login] تشغيل Backend في وضع Standalone
[2026-09-04 17:43:58] [Login] ✅ Backend جاهز بعد 1 ثانية
[2026-09-04 17:44:00] [Login] ✅ تسجيل دخول ناجح: admin

============================================================
[2026-09-04 17:46:35] ===== بدء جلسة جديدة =====
[2026-09-04 17:46:35] [Login] تشغيل Backend في وضع Standalone
[2026-09-04 17:46:37] [Login] ✅ Backend جاهز بعد 1 ثانية
[2026-09-04 17:46:37] [Login] ✅ تسجيل دخول ناجح: admin

============================================================
[2026-09-04 20:19:36] ===== بدء جلسة جديدة =====
[2026-09-04 20:19:36] [Login] تشغيل Backend في وضع Standalone
[2026-09-04 20:19:44] [Login] ✅ Backend جاهز بعد 2 ثانية
[2026-09-04 20:19:47] [Login] ✅ تسجيل دخول ناجح: admin
[2026-09-04 20:20:14] 🔴 بدء إجراء الإغلاق...
[2026-09-04 20:20:14] 🔓 تم مسح الجلسة والتوكن
[2026-09-04 20:20:14] ⏹ إيقاف Backend...
[2026-09-04 20:20:15] ✅ تم إيقاف Backend
[2026-09-04 20:20:15] ⏹ إيقاف PostgreSQL...
[2026-09-04 20:20:15] ✅ تم إيقاف PostgreSQL
[2026-09-04 20:20:15] 👋 إغلاق التطبيق

============================================================
[2026-09-04 20:48:42] ===== بدء جلسة جديدة =====
[2026-09-04 20:48:42] [Login] تشغيل PostgreSQL في وضع Standalone
[2026-09-04 20:48:45] [Login] تشغيل Backend في وضع Standalone
[2026-09-04 20:50:29] [Login] تشغيل Backend في وضع Standalone
[2026-09-04 20:50:30] [Login] ✅ Backend جاهز بعد 1 ثانية
[2026-09-04 20:50:32] [Login] ✅ تسجيل دخول ناجح: admin
[2026-09-04 20:51:18] [AdminUsers] ✅ تم تحميل 2 مستخدم
[2026-09-04 20:52:20] [AdminUsers] ✅ إنشاء الصلاحية
[2026-09-04 20:52:20] [AdminUsers] ✅ تم تحميل 2 مستخدم
[2026-09-04 20:52:32] [AdminUsers] ✅ تم تحميل 2 مستخدم
[2026-09-04 20:52:33] [AdminUsers] ✅ تم تحميل 2 مستخدم
[2026-09-04 20:52:33] [AdminUsers] ✅ تم تحميل 2 مستخدم
[2026-09-04 20:52:36] [AdminUsers] ✅ تحديث الصلاحيات
[2026-09-04 20:52:36] [AdminUsers] ✅ تم تحميل 2 مستخدم
[2026-09-04 20:53:46] [AdminUsers] ✅ إنشاء الصلاحية
[2026-09-04 20:53:47] [AdminUsers] ✅ تم تحميل 2 مستخدم
[2026-09-04 20:54:08] [AdminUsers] ✅ إنشاء الصلاحية
[2026-09-04 20:54:08] [AdminUsers] ✅ تم تحميل 2 مستخدم
[2026-09-04 20:54:11] [AdminUsers] ✅ تم تحميل 2 مستخدم
[2026-09-04 20:54:11] [AdminUsers] ✅ تم تحميل 2 مستخدم
[2026-09-04 20:54:11] [AdminUsers] ✅ تم تحميل 2 مستخدم
[2026-09-04 20:54:25] [AdminUsers] ✅ تحديث الصلاحيات
[2026-09-04 20:54:26] [AdminUsers] ✅ تم تحميل 2 مستخدم
[2026-09-04 20:55:18] [AdminUsers] ✅ إنشاء المستخدم
[2026-09-04 20:55:18] [AdminUsers] ✅ تم تحميل 3 مستخدم
[2026-09-04 20:55:28] 🔄 إعادة تسجيل الدخول — مسح الجلسة فقط
[2026-09-04 20:55:28] 🔓 تم مسح الجلسة والتوكن
[2026-09-04 20:55:37] [Login] تشغيل Backend في وضع Standalone
[2026-09-04 20:55:37] [Login] ✅ Backend جاهز بعد 1 ثانية
[2026-09-04 20:55:37] [Login] ✅ تسجيل دخول ناجح: ahmed
[2026-09-04 20:57:03] 🔄 إعادة تسجيل الدخول — مسح الجلسة فقط
[2026-09-04 20:57:03] 🔓 تم مسح الجلسة والتوكن
[2026-09-04 20:57:12] [Login] ✅ Backend جاهز بعد 1 ثانية
[2026-09-04 20:57:12] [Login] ✅ تسجيل دخول ناجح: admin
[2026-09-04 20:58:17] [Auth] ✅ تم تغيير كلمة المرور
[2026-09-04 20:58:24] 🔄 إعادة تسجيل الدخول — مسح الجلسة فقط
[2026-09-04 20:58:24] 🔓 تم مسح الجلسة والتوكن
[2026-09-04 20:58:28] [Login] تشغيل Backend في وضع Standalone
[2026-09-04 20:58:28] [Login] ✅ Backend جاهز بعد 1 ثانية
[2026-09-04 20:58:36] [Login] ✅ Backend جاهز بعد 1 ثانية
[2026-09-04 20:58:37] [Login] ✅ تسجيل دخول ناجح: admin
[2026-09-04 20:59:10] 🔴 بدء إجراء الإغلاق...
[2026-09-04 20:59:10] 🔓 تم مسح الجلسة والتوكن
[2026-09-04 20:59:10] ⏹ إيقاف Backend...
[2026-09-04 20:59:11] ✅ تم إيقاف Backend
[2026-09-04 20:59:11] ⏹ إيقاف PostgreSQL...
[2026-09-04 20:59:11] ✅ تم إيقاف PostgreSQL
[2026-09-04 20:59:11] 👋 إغلاق التطبيق

============================================================
[2026-09-04 21:26:21] ===== بدء جلسة جديدة =====
[2026-09-04 21:26:21] [Login] تشغيل Backend في وضع Standalone
[2026-09-04 21:26:28] [Login] ✅ Backend جاهز بعد 2 ثانية
[2026-09-04 21:26:34] [Login] ✅ تسجيل دخول ناجح: admin
[2026-09-04 21:26:53] [AdminUsers] ✅ تم تحميل 2 مستخدم
[2026-09-04 21:27:19] [AdminUsers] ✅ تم تحميل 2 مستخدم
[2026-09-04 21:27:20] [AdminUsers] ✅ تم تحميل 2 مستخدم
[2026-09-04 21:27:20] [AdminUsers] ✅ تم تحميل 2 مستخدم
[2026-09-04 21:27:20] [AdminUsers] ✅ تم تحميل 2 مستخدم
[2026-09-04 21:27:25] [AdminUsers] ✅ تعطيل
[2026-09-04 21:27:25] [AdminUsers] ✅ تم تحميل 2 مستخدم
[2026-09-04 21:27:39] 🔄 إعادة تسجيل الدخول — مسح الجلسة فقط
[2026-09-04 21:27:39] 🔓 تم مسح الجلسة والتوكن
[2026-09-04 21:27:46] [Login] ✅ Backend جاهز بعد 1 ثانية
[2026-09-04 21:27:51] [Login] ✅ Backend جاهز بعد 1 ثانية
[2026-09-04 21:27:52] [Login] ✅ Backend جاهز بعد 1 ثانية
[2026-09-04 21:27:53] [Login] ✅ Backend جاهز بعد 1 ثانية
[2026-09-04 21:27:54] [Login] ✅ Backend جاهز بعد 1 ثانية
[2026-09-04 21:27:54] [Login] ✅ Backend جاهز بعد 1 ثانية
[2026-09-04 21:28:03] [Login] ✅ Backend جاهز بعد 1 ثانية
[2026-09-04 21:28:03] [Login] ✅ تسجيل دخول ناجح: admin
[2026-09-04 21:29:20] [AdminUsers] ✅ تم تحميل 2 مستخدم
[2026-09-04 21:29:23] [AdminUsers] ✅ تفعيل
[2026-09-04 21:29:23] [AdminUsers] ✅ تم تحميل 2 مستخدم
[2026-09-04 21:29:35] 🔄 إعادة تسجيل الدخول — مسح الجلسة فقط
[2026-09-04 21:29:35] 🔓 تم مسح الجلسة والتوكن
[2026-09-04 21:29:48] [Login] تشغيل Backend في وضع Standalone
[2026-09-04 21:29:48] [Login] ✅ Backend جاهز بعد 1 ثانية
[2026-09-04 21:29:48] [Login] ✅ تسجيل دخول ناجح: safwat055
[2026-09-04 21:29:54] [AdminUsers] ✅ تم تحميل 2 مستخدم
[2026-09-04 21:30:42] [AdminUsers] ✅ إنشاء المستخدم
[2026-09-04 21:30:42] [AdminUsers] ✅ تم تحميل 3 مستخدم
[2026-09-04 21:30:52] 🔄 إعادة تسجيل الدخول — مسح الجلسة فقط
[2026-09-04 21:30:52] 🔓 تم مسح الجلسة والتوكن
[2026-09-04 21:31:04] [Login] ✅ Backend جاهز بعد 1 ثانية
[2026-09-04 21:31:04] [Login] ✅ تسجيل دخول ناجح: ahmed

============================================================
[2026-09-04 21:32:13] ===== بدء جلسة جديدة =====
[2026-09-04 21:32:13] [Login] تشغيل Backend في وضع Standalone
[2026-09-04 21:32:17] [Login] ✅ Backend جاهز بعد 1 ثانية
[2026-09-04 21:32:37] [Login] ✅ Backend جاهز بعد 1 ثانية
[2026-09-04 21:32:39] [Login] ✅ تسجيل دخول ناجح: admin
[2026-09-04 21:33:03] [AdminUsers] ✅ تم تحميل 3 مستخدم
[2026-09-04 21:33:18] [AdminUsers] ✅ تم تحميل 3 مستخدم

============================================================
[2026-09-04 21:34:52] ===== بدء جلسة جديدة =====
[2026-09-04 21:34:52] [Login] تشغيل Backend في وضع Standalone
[2026-09-04 21:34:55] [Login] ✅ Backend جاهز بعد 1 ثانية
[2026-09-04 21:34:57] [Login] ✅ تسجيل دخول ناجح: admin

============================================================
[2026-09-04 21:35:45] ===== بدء جلسة جديدة =====
[2026-09-04 21:35:45] [Login] ✅ تسجيل دخول ناجح: admin

============================================================
[2026-09-04 21:42:20] ===== بدء جلسة جديدة =====
[2026-09-04 21:42:20] [Login] ✅ تسجيل دخول ناجح: admin

============================================================
[2026-09-04 21:47:49] ===== بدء جلسة جديدة =====
[2026-09-04 21:47:49] [Login] ✅ تسجيل دخول ناجح: admin

============================================================
[2026-09-04 21:50:08] ===== بدء جلسة جديدة =====
[2026-09-04 21:50:08] [Login] ✅ تسجيل دخول ناجح: admin

============================================================
[2026-09-04 21:51:27] ===== بدء جلسة جديدة =====
[2026-09-04 21:51:27] [Login] ✅ تسجيل دخول ناجح: admin

============================================================
[2026-09-04 21:54:51] ===== بدء جلسة جديدة =====
[2026-09-04 21:54:51] [Login] ✅ تسجيل دخول ناجح: admin

============================================================
[2026-09-04 21:58:39] ===== بدء جلسة جديدة =====
[2026-09-04 21:58:39] [Login] ✅ تسجيل دخول ناجح: admin
[2026-09-04 22:00:45] 🔴 بدء إجراء الإغلاق...
[2026-09-04 22:00:45] 🔓 تم مسح الجلسة والتوكن
[2026-09-04 22:00:45] ⏹ إيقاف PostgreSQL...
[2026-09-04 22:00:45] ✅ تم إيقاف PostgreSQL
[2026-09-04 22:00:45] 👋 إغلاق التطبيق

============================================================
[2026-09-04 22:16:02] ===== بدء جلسة جديدة =====
[2026-09-04 22:16:02] [Login] ✅ تسجيل دخول ناجح: admin

============================================================
[2026-09-04 22:25:14] ===== بدء جلسة جديدة =====
[2026-09-04 22:25:14] [Login] ✅ تسجيل دخول ناجح: admin
[2026-09-04 22:30:23] 🔴 بدء إجراء الإغلاق...
[2026-09-04 22:30:23] 🔓 تم مسح الجلسة والتوكن
[2026-09-04 22:30:24] ⏹ إيقاف PostgreSQL...
[2026-09-04 22:30:24] ✅ تم إيقاف PostgreSQL
[2026-09-04 22:30:24] 👋 إغلاق التطبيق

============================================================
[2026-09-04 23:53:34] ===== بدء جلسة جديدة =====
[2026-09-04 23:53:34] [Login] ✅ تسجيل دخول ناجح: admin

============================================================
[2026-09-04 23:55:33] ===== بدء جلسة جديدة =====
[2026-09-04 23:55:33] [Login] ✅ تسجيل دخول ناجح: admin

============================================================
[2026-09-04 23:56:58] ===== بدء جلسة جديدة =====
[2026-09-04 23:56:58] [Login] ✅ تسجيل دخول ناجح: admin
[2026-09-04 23:57:10] 🔴 بدء إجراء الإغلاق...
[2026-09-04 23:57:10] 🔓 تم مسح الجلسة والتوكن
[2026-09-04 23:57:10] ⏹ إيقاف PostgreSQL...
[2026-09-04 23:57:10] ✅ تم إيقاف PostgreSQL
[2026-09-04 23:57:10] 👋 إغلاق التطبيق

============================================================
[2026-09-05 00:09:57] ===== بدء جلسة جديدة =====
[2026-09-05 00:09:57] [PostgreSQL] ℹ️ Linux: تم تعطيل أزرار خدمة PostgreSQL — التشغيل المباشر فقط
[2026-09-05 00:09:59] [PostgreSQL] ▶ تشغيل PostgreSQL...
[2026-09-05 00:10:00] [PostgreSQL] ✅ تم تشغيل PostgreSQL
[2026-09-05 00:10:18] [Backend] ℹ️ Linux: تم تعطيل أزرار الخدمة — التشغيل المباشر فقط متاح
[2026-09-05 00:10:48] [Login] ✅ تسجيل دخول ناجح: admin

============================================================
[2026-09-05 00:13:09] ===== بدء جلسة جديدة =====
[2026-09-05 00:13:09] [Login] ✅ تسجيل دخول ناجح: admin

============================================================
[2026-09-05 00:14:05] ===== بدء جلسة جديدة =====
[2026-09-05 00:14:05] [Login] ✅ تسجيل دخول ناجح: admin

============================================================
[2026-09-05 00:27:00] ===== بدء جلسة جديدة =====
[2026-09-05 00:27:00] 🔴 بدء إجراء الإغلاق...
[2026-09-05 00:27:01] 🔓 تم مسح الجلسة والتوكن
[2026-09-05 00:27:01] ⏹ إيقاف PostgreSQL...
[2026-09-05 00:27:01] ✅ تم إيقاف PostgreSQL
[2026-09-05 00:27:01] 👋 إغلاق التطبيق

============================================================
[2026-09-05 00:36:10] ===== بدء جلسة جديدة =====
[2026-09-05 00:36:10] [Login] ✅ تسجيل دخول ناجح: admin
[2026-09-05 01:14:19] 🔴 بدء إجراء الإغلاق...
[2026-09-05 01:14:19] 🔓 تم مسح الجلسة والتوكن
[2026-09-05 01:14:20] ⏹ إيقاف PostgreSQL...
[2026-09-05 01:14:20] ✅ تم إيقاف PostgreSQL
[2026-09-05 01:14:20] 👋 إغلاق التطبيق

============================================================
[2026-09-05 01:16:40] ===== بدء جلسة جديدة =====
[2026-09-05 01:16:40] [Login] ✅ تسجيل دخول ناجح: admin

============================================================
[2026-09-05 01:33:42] ===== بدء جلسة جديدة =====
[2026-09-05 01:33:42] [Login] ✅ تسجيل دخول ناجح: admin
[2026-09-05 01:38:57] 🔴 بدء إجراء الإغلاق...
[2026-09-05 01:38:57] 🔓 تم مسح الجلسة والتوكن
[2026-09-05 01:38:57] 👋 إغلاق التطبيق

============================================================
[2026-09-05 01:43:13] ===== بدء جلسة جديدة =====
[2026-09-05 01:43:13] [Login] ✅ تسجيل دخول ناجح: admin
[2026-09-05 01:47:10] 🔴 بدء إجراء الإغلاق...
[2026-09-05 01:47:10] 🔓 تم مسح الجلسة والتوكن
[2026-09-05 01:47:10] 👋 إغلاق التطبيق

============================================================
[2026-09-05 01:56:02] ===== بدء جلسة جديدة =====
[2026-09-05 01:56:02] [Login] ✅ تسجيل دخول ناجح: admin

============================================================
[2026-09-05 01:58:52] ===== بدء جلسة جديدة =====
[2026-09-05 01:58:52] [Login] ✅ تسجيل دخول ناجح: admin

============================================================
[2026-09-05 02:20:16] ===== بدء جلسة جديدة =====
[2026-09-05 02:20:16] [Login] ✅ تسجيل دخول ناجح: admin

============================================================
[2026-09-05 02:24:03] ===== بدء جلسة جديدة =====
[2026-09-05 02:24:03] [Login] ✅ تسجيل دخول ناجح: admin

============================================================
[2026-09-05 02:33:48] ===== بدء جلسة جديدة =====
[2026-09-05 02:33:48] [Login] ✅ تسجيل دخول ناجح: admin

============================================================
[2026-09-05 04:52:26] ===== بدء جلسة جديدة =====
[2026-09-05 04:52:26] [Login] ✅ تسجيل دخول ناجح: admin

============================================================
[2026-09-05 05:35:07] ===== بدء جلسة جديدة =====
[2026-09-05 05:35:07] [Login] ✅ تسجيل دخول ناجح: admin

============================================================
[2026-09-05 06:05:33] ===== بدء جلسة جديدة =====
[2026-09-05 06:05:33] [Login] ✅ تسجيل دخول ناجح: admin

============================================================
[2026-09-05 06:10:37] ===== بدء جلسة جديدة =====
[2026-09-05 06:10:37] [Login] ✅ تسجيل دخول ناجح: admin

============================================================
[2026-09-05 06:14:21] ===== بدء جلسة جديدة =====
[2026-09-05 06:14:21] [Login] ✅ تسجيل دخول ناجح: admin

============================================================
[2026-09-05 06:20:12] ===== بدء جلسة جديدة =====
[2026-09-05 06:20:12] [Login] ✅ تسجيل دخول ناجح: admin

============================================================
[2026-09-05 06:25:49] ===== بدء جلسة جديدة =====
[2026-09-05 06:25:49] [Login] ✅ تسجيل دخول ناجح: admin

============================================================
[2026-09-05 06:29:13] ===== بدء جلسة جديدة =====
[2026-09-05 06:29:13] [Login] ✅ تسجيل دخول ناجح: admin

============================================================
[2026-09-05 06:33:46] ===== بدء جلسة جديدة =====
[2026-09-05 06:33:46] [Login] ✅ تسجيل دخول ناجح: admin

============================================================
[2026-09-05 06:36:11] ===== بدء جلسة جديدة =====
[2026-09-05 06:36:11] [Login] ✅ تسجيل دخول ناجح: admin

============================================================
[2026-09-05 06:39:15] ===== بدء جلسة جديدة =====
[2026-09-05 06:39:15] [Login] ✅ تسجيل دخول ناجح: admin

============================================================
[2026-09-05 06:43:54] ===== بدء جلسة جديدة =====
[2026-09-05 06:43:55] [Login] ✅ تسجيل دخول ناجح: admin
[2026-09-05 06:47:55] 🔴 بدء إجراء الإغلاق...
[2026-09-05 06:47:55] 🔓 تم مسح الجلسة والتوكن
[2026-09-05 06:47:55] 👋 إغلاق التطبيق

============================================================
[2026-09-05 06:50:30] ===== بدء جلسة جديدة =====
[2026-09-05 06:50:30] [Login] ✅ تسجيل دخول ناجح: admin
[2026-09-05 06:59:09] 🔴 بدء إجراء الإغلاق...
[2026-09-05 06:59:09] 🔓 تم مسح الجلسة والتوكن
[2026-09-05 06:59:09] 👋 إغلاق التطبيق

============================================================
[2026-09-05 07:03:32] ===== بدء جلسة جديدة =====
[2026-09-05 07:03:32] [Login] ✅ تسجيل دخول ناجح: admin
[2026-09-05 07:08:27] 🔴 بدء إجراء الإغلاق...
[2026-09-05 07:08:27] 🔓 تم مسح الجلسة والتوكن
[2026-09-05 07:08:27] 👋 إغلاق التطبيق

============================================================
[2026-09-05 07:15:38] ===== بدء جلسة جديدة =====
[2026-09-05 07:15:38] [Login] ✅ تسجيل دخول ناجح: admin

============================================================
[2026-09-05 07:16:40] ===== بدء جلسة جديدة =====
[2026-09-05 07:16:40] [Login] ✅ تسجيل دخول ناجح: admin

============================================================
[2026-09-05 07:22:36] ===== بدء جلسة جديدة =====
[2026-09-05 07:22:36] [Login] ✅ تسجيل دخول ناجح: admin

============================================================
[2026-09-05 07:24:27] ===== بدء جلسة جديدة =====
[2026-09-05 07:24:27] [Login] ✅ تسجيل دخول ناجح: admin

============================================================
[2026-09-05 07:31:25] ===== بدء جلسة جديدة =====
[2026-09-05 07:31:25] [Login] ✅ تسجيل دخول ناجح: admin

============================================================
[2026-09-05 07:37:44] ===== بدء جلسة جديدة =====
[2026-09-05 07:37:44] [Login] ✅ تسجيل دخول ناجح: admin

============================================================
[2026-09-05 07:42:38] ===== بدء جلسة جديدة =====
[2026-09-05 07:42:38] [Login] ✅ تسجيل دخول ناجح: admin

============================================================
[2026-09-05 07:50:42] ===== بدء جلسة جديدة =====
[2026-09-05 07:50:42] [Login] ✅ تسجيل دخول ناجح: admin

============================================================
[2026-09-05 07:57:16] ===== بدء جلسة جديدة =====
[2026-09-05 07:57:16] [Login] ✅ تسجيل دخول ناجح: admin

============================================================
[2026-09-05 08:04:22] ===== بدء جلسة جديدة =====
[2026-09-05 08:04:22] [Login] ✅ تسجيل دخول ناجح: admin

============================================================
[2026-09-05 08:09:09] ===== بدء جلسة جديدة =====
[2026-09-05 08:09:09] [Login] ✅ تسجيل دخول ناجح: admin

============================================================
[2026-09-05 08:11:01] ===== بدء جلسة جديدة =====
[2026-09-05 08:11:01] [Login] ✅ تسجيل دخول ناجح: admin
[2026-09-05 08:22:34] 🔴 بدء إجراء الإغلاق...
[2026-09-05 08:22:34] 🔓 تم مسح الجلسة والتوكن
[2026-09-05 08:22:34] 👋 إغلاق التطبيق

============================================================
[2026-09-05 08:33:07] ===== بدء جلسة جديدة =====
[2026-09-05 08:33:07] [Login] ✅ تسجيل دخول ناجح: admin

============================================================
[2026-09-05 08:37:10] ===== بدء جلسة جديدة =====
[2026-09-05 08:37:10] [Login] ✅ تسجيل دخول ناجح: admin

============================================================
[2026-09-05 08:41:01] ===== بدء جلسة جديدة =====
[2026-09-05 08:41:01] [Login] ✅ تسجيل دخول ناجح: admin

============================================================
[2026-09-05 08:50:20] ===== بدء جلسة جديدة =====
[2026-09-05 08:50:20] [Login] ✅ تسجيل دخول ناجح: admin

============================================================
[2026-09-05 08:55:32] ===== بدء جلسة جديدة =====
[2026-09-05 08:55:32] [Login] ✅ تسجيل دخول ناجح: admin

============================================================
[2026-09-05 08:58:02] ===== بدء جلسة جديدة =====
[2026-09-05 08:58:02] [Login] ✅ تسجيل دخول ناجح: admin

============================================================
[2026-09-05 09:02:47] ===== بدء جلسة جديدة =====
[2026-09-05 09:02:47] [Login] ✅ تسجيل دخول ناجح: admin

============================================================
[2026-09-05 09:05:07] ===== بدء جلسة جديدة =====
[2026-09-05 09:05:07] [Login] ✅ تسجيل دخول ناجح: admin

============================================================
[2026-09-05 09:09:02] ===== بدء جلسة جديدة =====
[2026-09-05 09:09:02] [Login] ✅ تسجيل دخول ناجح: admin

============================================================
[2026-09-05 09:10:13] ===== بدء جلسة جديدة =====
[2026-09-05 09:10:13] [Login] ✅ تسجيل دخول ناجح: admin

============================================================
[2026-09-05 09:11:11] ===== بدء جلسة جديدة =====
[2026-09-05 09:11:11] [Login] ✅ تسجيل دخول ناجح: admin

============================================================
[2026-09-05 21:45:21] ===== بدء جلسة جديدة =====
[2026-09-05 21:45:21] [Login] ✅ تسجيل دخول ناجح: admin
[2026-09-05 21:56:47] 🔴 بدء إجراء الإغلاق...
[2026-09-05 21:56:47] 🔓 تم مسح الجلسة والتوكن
[2026-09-05 21:56:47] 👋 إغلاق التطبيق

============================================================
[2026-09-05 21:59:37] ===== بدء جلسة جديدة =====
[2026-09-05 21:59:37] [Login] ✅ تسجيل دخول ناجح: admin

============================================================
[2026-09-05 22:24:34] ===== بدء جلسة جديدة =====
[2026-09-05 22:24:34] [Login] ✅ تسجيل دخول ناجح: admin

============================================================
[2026-09-05 22:32:01] ===== بدء جلسة جديدة =====
[2026-09-05 22:32:01] [Login] ✅ تسجيل دخول ناجح: admin

============================================================
[2026-09-05 22:41:19] ===== بدء جلسة جديدة =====
[2026-09-05 22:41:19] [Login] ✅ تسجيل دخول ناجح: admin

============================================================
[2026-09-05 22:44:50] ===== بدء جلسة جديدة =====
[2026-09-05 22:44:50] [Login] ✅ تسجيل دخول ناجح: admin

============================================================
[2026-09-05 22:46:58] ===== بدء جلسة جديدة =====
[2026-09-05 22:46:58] [Login] ✅ تسجيل دخول ناجح: admin

============================================================
[2026-09-05 22:52:56] ===== بدء جلسة جديدة =====
[2026-09-05 22:52:56] [Login] ✅ تسجيل دخول ناجح: admin

============================================================
[2026-09-05 22:59:31] ===== بدء جلسة جديدة =====
[2026-09-05 22:59:31] [Login] ✅ تسجيل دخول ناجح: admin

============================================================
[2026-09-05 23:01:12] ===== بدء جلسة جديدة =====
[2026-09-05 23:01:12] [Login] ✅ تسجيل دخول ناجح: admin

============================================================
[2026-09-05 23:02:36] ===== بدء جلسة جديدة =====
[2026-09-05 23:02:36] [Login] ✅ تسجيل دخول ناجح: admin

============================================================
[2026-09-05 23:09:29] ===== بدء جلسة جديدة =====
[2026-09-05 23:09:29] [Login] ✅ تسجيل دخول ناجح: admin
[2026-09-05 23:14:14] [PostgreSQL] ℹ️ Linux: تم تعطيل أزرار خدمة PostgreSQL — التشغيل المباشر فقط
[2026-09-05 23:14:18] [Backend] ℹ️ Linux: تم تعطيل أزرار الخدمة — التشغيل المباشر فقط متاح
[2026-09-05 23:14:47] [AdminUsers] ✅ تم تحميل 3 مستخدم
[2026-09-05 23:16:06] [PostgreSQL] 💾 طلب نسخة احتياطية...
[2026-09-05 23:16:07] [PostgreSQL] ❌ فشل النسخ الاحتياطي: حدث خطأ غير متوقع: Invalid PostgreSQL install dir: /home/safwat05/apps/postgresql
[2026-09-05 23:24:48] [PostgreSQL] 💾 طلب نسخة احتياطية...
[2026-09-05 23:24:51] [PostgreSQL] ❌ فشل النسخ الاحتياطي: فشل إنشاء النسخة الاحتياطية — راجع سجلات الخادم
[2026-09-05 23:31:53] 🔴 بدء إجراء الإغلاق...
[2026-09-05 23:31:53] 🔓 تم مسح الجلسة والتوكن
[2026-09-05 23:31:53] 👋 إغلاق التطبيق

============================================================
[2026-09-06 01:47:29] ===== بدء جلسة جديدة =====
[2026-09-06 01:47:29] [Login] ✅ تسجيل دخول ناجح: admin

============================================================
[2026-09-06 01:52:11] ===== بدء جلسة جديدة =====
[2026-09-06 01:52:11] [Login] ✅ تسجيل دخول ناجح: admin

============================================================
[2026-09-06 01:57:29] ===== بدء جلسة جديدة =====
[2026-09-06 01:57:29] [Login] ✅ تسجيل دخول ناجح: admin

============================================================
[2026-09-06 02:10:34] ===== بدء جلسة جديدة =====
[2026-09-06 02:10:34] [Login] ✅ تسجيل دخول ناجح: admin
[2026-09-06 02:12:43] 🔴 بدء إجراء الإغلاق...
[2026-09-06 02:12:43] 🔓 تم مسح الجلسة والتوكن
[2026-09-06 02:12:43] 👋 إغلاق التطبيق

============================================================
[2026-09-06 02:41:47] ===== بدء جلسة جديدة =====
[2026-09-06 02:41:47] [Login] ✅ تسجيل دخول ناجح: admin

============================================================
[2026-09-06 02:46:45] ===== بدء جلسة جديدة =====
[2026-09-06 02:46:45] [Login] ✅ تسجيل دخول ناجح: admin

============================================================
[2026-09-06 02:51:14] ===== بدء جلسة جديدة =====
[2026-09-06 02:51:14] [Login] ✅ تسجيل دخول ناجح: admin

============================================================
[2026-09-06 02:57:47] ===== بدء جلسة جديدة =====
[2026-09-06 02:57:47] [Login] ✅ تسجيل دخول ناجح: admin

============================================================
[2026-09-06 03:03:00] ===== بدء جلسة جديدة =====
[2026-09-06 03:03:00] [Login] ✅ تسجيل دخول ناجح: admin

============================================================
[2026-09-06 03:03:44] ===== بدء جلسة جديدة =====
[2026-09-06 03:03:44] [Login] ✅ تسجيل دخول ناجح: admin

============================================================
[2026-09-06 03:04:51] ===== بدء جلسة جديدة =====
[2026-09-06 03:04:51] [Login] ✅ تسجيل دخول ناجح: admin

============================================================
[2026-09-06 03:10:41] ===== بدء جلسة جديدة =====
[2026-09-06 03:10:41] [Login] ✅ تسجيل دخول ناجح: admin

============================================================
[2026-09-06 03:15:55] ===== بدء جلسة جديدة =====
[2026-09-06 03:15:55] [Login] ✅ تسجيل دخول ناجح: admin

============================================================
[2026-09-06 03:20:53] ===== بدء جلسة جديدة =====
[2026-09-06 03:20:53] [Login] ✅ تسجيل دخول ناجح: admin

============================================================
[2026-09-06 03:22:26] ===== بدء جلسة جديدة =====
[2026-09-06 03:22:26] [Login] ✅ تسجيل دخول ناجح: admin

============================================================
[2026-09-06 03:26:09] ===== بدء جلسة جديدة =====
[2026-09-06 03:26:09] [Login] ✅ تسجيل دخول ناجح: admin

============================================================
[2026-09-06 03:30:04] ===== بدء جلسة جديدة =====
[2026-09-06 03:30:04] [Login] ✅ تسجيل دخول ناجح: admin

============================================================
[2026-09-06 03:31:32] ===== بدء جلسة جديدة =====
[2026-09-06 03:31:32] [Login] ✅ تسجيل دخول ناجح: admin

============================================================
[2026-09-06 03:34:34] ===== بدء جلسة جديدة =====
[2026-09-06 03:34:34] [Login] ✅ تسجيل دخول ناجح: admin

============================================================
[2026-09-06 03:36:58] ===== بدء جلسة جديدة =====
[2026-09-06 03:36:58] [Login] ✅ تسجيل دخول ناجح: admin

============================================================
[2026-09-06 03:38:29] ===== بدء جلسة جديدة =====
[2026-09-06 03:38:30] [Login] ✅ تسجيل دخول ناجح: admin

============================================================
[2026-09-06 03:39:52] ===== بدء جلسة جديدة =====
[2026-09-06 03:39:52] [Login] ✅ تسجيل دخول ناجح: admin

============================================================
[2026-09-06 04:11:54] ===== بدء جلسة جديدة =====
[2026-09-06 04:11:54] [Login] ✅ تسجيل دخول ناجح: admin
[2026-09-06 04:12:11] 🔴 بدء إجراء الإغلاق...
[2026-09-06 04:12:12] 🔓 تم مسح الجلسة والتوكن
[2026-09-06 04:12:12] 👋 إغلاق التطبيق

============================================================
[2026-09-06 04:13:24] ===== بدء جلسة جديدة =====
[2026-09-06 04:13:24] [Login] ✅ تسجيل دخول ناجح: admin
[2026-09-06 04:14:16] 🔴 بدء إجراء الإغلاق...
[2026-09-06 04:14:16] 🔓 تم مسح الجلسة والتوكن
[2026-09-06 04:14:16] 👋 إغلاق التطبيق

============================================================
[2026-09-06 04:18:12] ===== بدء جلسة جديدة =====
[2026-09-06 04:18:12] [Login] ✅ تسجيل دخول ناجح: admin
[2026-09-06 04:19:26] 🔴 بدء إجراء الإغلاق...
[2026-09-06 04:19:27] 🔓 تم مسح الجلسة والتوكن
[2026-09-06 04:19:27] 👋 إغلاق التطبيق

============================================================
[2026-09-06 04:26:25] ===== بدء جلسة جديدة =====
[2026-09-06 04:26:25] [Login] ✅ تسجيل دخول ناجح: admin

============================================================
[2026-09-06 05:11:10] ===== بدء جلسة جديدة =====
[2026-09-06 05:11:10] [Login] ✅ تسجيل دخول ناجح: admin

============================================================
[2026-09-06 05:12:58] ===== بدء جلسة جديدة =====
[2026-09-06 05:12:58] [Login] ✅ تسجيل دخول ناجح: admin

============================================================
[2026-09-06 05:40:49] ===== بدء جلسة جديدة =====
[2026-09-06 05:40:49] [Login] ✅ تسجيل دخول ناجح: admin

============================================================
[2026-09-06 05:51:03] ===== بدء جلسة جديدة =====
[2026-09-06 05:51:03] [Login] ✅ تسجيل دخول ناجح: admin

============================================================
[2026-09-06 06:04:56] ===== بدء جلسة جديدة =====
[2026-09-06 06:04:57] [Login] ✅ تسجيل دخول ناجح: admin

============================================================
[2026-09-06 06:06:26] ===== بدء جلسة جديدة =====
[2026-09-06 06:06:26] [Login] ✅ تسجيل دخول ناجح: admin

============================================================
[2026-09-06 06:08:53] ===== بدء جلسة جديدة =====
[2026-09-06 06:08:53] [Login] ✅ تسجيل دخول ناجح: admin

============================================================
[2026-09-06 06:12:47] ===== بدء جلسة جديدة =====
[2026-09-06 06:12:47] [Login] ✅ تسجيل دخول ناجح: admin

============================================================
[2026-09-06 06:23:18] ===== بدء جلسة جديدة =====
[2026-09-06 06:23:18] [Login] ✅ تسجيل دخول ناجح: admin

============================================================
[2026-09-06 06:28:27] ===== بدء جلسة جديدة =====
[2026-09-06 06:28:27] [Login] ✅ تسجيل دخول ناجح: admin
[2026-09-06 06:28:36] 🔴 بدء إجراء الإغلاق...
[2026-09-06 06:28:36] 🔓 تم مسح الجلسة والتوكن
[2026-09-06 06:28:36] 👋 إغلاق التطبيق

============================================================
[2026-09-06 06:30:41] ===== بدء جلسة جديدة =====
[2026-09-06 06:30:41] [Login] ✅ تسجيل دخول ناجح: admin

============================================================
[2026-09-06 06:32:51] ===== بدء جلسة جديدة =====
[2026-09-06 06:32:51] [Login] ✅ تسجيل دخول ناجح: admin

============================================================
[2026-09-06 06:34:33] ===== بدء جلسة جديدة =====
[2026-09-06 06:34:33] [Login] ✅ تسجيل دخول ناجح: admin

============================================================
[2026-09-06 06:37:28] ===== بدء جلسة جديدة =====
[2026-09-06 06:37:28] [Login] ✅ تسجيل دخول ناجح: admin

============================================================
[2026-09-06 06:38:59] ===== بدء جلسة جديدة =====
[2026-09-06 06:38:59] [Login] ✅ تسجيل دخول ناجح: admin
[2026-09-06 06:40:34] 🔴 بدء إجراء الإغلاق...
[2026-09-06 06:40:34] 🔓 تم مسح الجلسة والتوكن
[2026-09-06 06:40:34] 👋 إغلاق التطبيق

============================================================
[2026-09-06 07:12:37] ===== بدء جلسة جديدة =====
[2026-09-06 07:12:37] [Login] ✅ تسجيل دخول ناجح: admin

============================================================
[2026-09-06 07:14:49] ===== بدء جلسة جديدة =====
[2026-09-06 07:14:49] [Login] ✅ تسجيل دخول ناجح: admin

============================================================
[2026-09-06 07:20:18] ===== بدء جلسة جديدة =====
[2026-09-06 07:20:18] [Login] ✅ تسجيل دخول ناجح: admin
[2026-09-06 07:26:08] 🔴 بدء إجراء الإغلاق...
[2026-09-06 07:26:08] 🔓 تم مسح الجلسة والتوكن
[2026-09-06 07:26:09] 👋 إغلاق التطبيق

============================================================
[2026-09-06 07:27:27] ===== بدء جلسة جديدة =====
[2026-09-06 07:27:27] [Login] ✅ تسجيل دخول ناجح: admin
[2026-09-06 07:55:07] 🔴 بدء إجراء الإغلاق...
[2026-09-06 07:55:07] 🔓 تم مسح الجلسة والتوكن
[2026-09-06 07:55:08] 👋 إغلاق التطبيق

============================================================
[2026-09-06 08:21:01] ===== بدء جلسة جديدة =====
[2026-09-06 08:21:01] [Login] ✅ تسجيل دخول ناجح: admin

============================================================
[2026-09-06 08:23:18] ===== بدء جلسة جديدة =====
[2026-09-06 08:23:18] [Login] ✅ تسجيل دخول ناجح: admin

============================================================
[2026-09-06 08:24:24] ===== بدء جلسة جديدة =====
[2026-09-06 08:24:24] [Login] ✅ تسجيل دخول ناجح: admin

============================================================
[2026-09-06 08:26:49] ===== بدء جلسة جديدة =====
[2026-09-06 08:26:49] [Login] ✅ تسجيل دخول ناجح: admin

============================================================
[2026-09-06 08:29:35] ===== بدء جلسة جديدة =====
[2026-09-06 08:29:35] [Login] ✅ تسجيل دخول ناجح: admin

============================================================
[2026-09-06 08:32:51] ===== بدء جلسة جديدة =====
[2026-09-06 08:32:51] [Login] ✅ تسجيل دخول ناجح: admin

============================================================
[2026-09-06 08:48:42] ===== بدء جلسة جديدة =====
[2026-09-06 08:48:42] [Login] ✅ تسجيل دخول ناجح: admin

============================================================
[2026-09-06 10:45:24] ===== بدء جلسة جديدة =====
[2026-09-06 10:45:24] [Login] ✅ تسجيل دخول ناجح: admin

============================================================
[2026-09-06 10:47:37] ===== بدء جلسة جديدة =====
[2026-09-06 10:47:37] [Login] ✅ تسجيل دخول ناجح: admin

============================================================
[2026-09-06 11:10:00] ===== بدء جلسة جديدة =====
[2026-09-06 11:10:00] [Login] ✅ تسجيل دخول ناجح: admin

============================================================
[2026-09-06 11:12:10] ===== بدء جلسة جديدة =====
[2026-09-06 11:12:10] [Login] ✅ تسجيل دخول ناجح: admin

============================================================
[2026-09-06 11:13:04] ===== بدء جلسة جديدة =====
[2026-09-06 11:13:04] [Login] ✅ تسجيل دخول ناجح: admin

============================================================
[2026-09-06 11:13:53] ===== بدء جلسة جديدة =====
[2026-09-06 11:13:53] [Login] ✅ تسجيل دخول ناجح: admin

============================================================
[2026-09-06 11:19:12] ===== بدء جلسة جديدة =====
[2026-09-06 11:19:12] [Login] ✅ تسجيل دخول ناجح: admin

============================================================
[2026-09-06 11:22:08] ===== بدء جلسة جديدة =====
[2026-09-06 11:22:08] [Login] ✅ تسجيل دخول ناجح: admin

============================================================
[2026-09-06 11:23:03] ===== بدء جلسة جديدة =====
[2026-09-06 11:23:03] [Login] ✅ تسجيل دخول ناجح: admin

============================================================
[2026-09-06 11:27:20] ===== بدء جلسة جديدة =====
[2026-09-06 11:27:20] [Login] ✅ تسجيل دخول ناجح: admin

============================================================
[2026-09-06 11:27:57] ===== بدء جلسة جديدة =====
[2026-09-06 11:27:57] [Login] ✅ تسجيل دخول ناجح: admin
[2026-09-06 11:29:04] 🔴 بدء إجراء الإغلاق...
[2026-09-06 11:29:04] 🔓 تم مسح الجلسة والتوكن
[2026-09-06 11:29:04] 👋 إغلاق التطبيق

============================================================
[2026-09-06 12:12:17] ===== بدء جلسة جديدة =====
[2026-09-06 12:12:17] [Login] ✅ تسجيل دخول ناجح: admin

============================================================
[2026-09-06 12:14:12] ===== بدء جلسة جديدة =====
[2026-09-06 12:14:12] [Login] ✅ تسجيل دخول ناجح: admin

============================================================
[2026-09-06 12:19:18] ===== بدء جلسة جديدة =====
[2026-09-06 12:19:18] [Login] ✅ تسجيل دخول ناجح: admin

============================================================
[2026-09-06 12:19:34] ===== بدء جلسة جديدة =====
[2026-09-06 12:19:34] [Login] ✅ تسجيل دخول ناجح: admin
[2026-09-06 12:20:54] 🔴 بدء إجراء الإغلاق...
[2026-09-06 12:20:54] 🔓 تم مسح الجلسة والتوكن
[2026-09-06 12:20:54] 👋 إغلاق التطبيق

============================================================
[2026-09-06 12:44:03] ===== بدء جلسة جديدة =====
[2026-09-06 12:44:03] [Login] ✅ تسجيل دخول ناجح: admin

============================================================
[2026-09-06 13:34:19] ===== بدء جلسة جديدة =====
[2026-09-06 13:34:19] [Login] ✅ تسجيل دخول ناجح: admin
[2026-09-06 14:05:37] 🔴 بدء إجراء الإغلاق...
[2026-09-06 14:05:37] 🔓 تم مسح الجلسة والتوكن
[2026-09-06 14:05:37] 👋 إغلاق التطبيق

============================================================
[2026-09-06 14:10:29] ===== بدء جلسة جديدة =====
[2026-09-06 14:10:29] [Login] ✅ تسجيل دخول ناجح: admin

============================================================
[2026-09-06 15:07:27] ===== بدء جلسة جديدة =====
[2026-09-06 15:07:27] [Login] ✅ تسجيل دخول ناجح: admin

============================================================
[2026-09-06 15:08:53] ===== بدء جلسة جديدة =====
[2026-09-06 15:08:53] [Login] ✅ تسجيل دخول ناجح: admin

============================================================
[2026-09-06 15:11:48] ===== بدء جلسة جديدة =====
[2026-09-06 15:11:48] [Login] ✅ تسجيل دخول ناجح: admin

============================================================
[2026-09-06 15:49:30] ===== بدء جلسة جديدة =====
[2026-09-06 15:49:30] [Login] ✅ تسجيل دخول ناجح: admin

============================================================
[2026-09-06 16:00:59] ===== بدء جلسة جديدة =====
[2026-09-06 16:00:59] [Login] ✅ تسجيل دخول ناجح: admin
[2026-09-06 16:05:40] 🔴 بدء إجراء الإغلاق...
[2026-09-06 16:05:41] 🔓 تم مسح الجلسة والتوكن
[2026-09-06 16:05:41] 👋 إغلاق التطبيق

============================================================
[2026-09-06 16:07:49] ===== بدء جلسة جديدة =====
[2026-09-06 16:07:49] [Login] ✅ تسجيل دخول ناجح: admin
[2026-09-06 16:08:23] 🔴 بدء إجراء الإغلاق...
[2026-09-06 16:08:23] 🔓 تم مسح الجلسة والتوكن
[2026-09-06 16:08:23] 👋 إغلاق التطبيق

============================================================
[2026-09-06 17:00:04] ===== بدء جلسة جديدة =====
[2026-09-06 17:00:04] [Login] ✅ تسجيل دخول ناجح: admin

============================================================
[2026-09-06 17:30:48] ===== بدء جلسة جديدة =====
[2026-09-06 17:30:48] [Login] ✅ تسجيل دخول ناجح: admin

============================================================
[2026-09-06 17:35:04] ===== بدء جلسة جديدة =====
[2026-09-06 17:35:04] [Login] ✅ تسجيل دخول ناجح: admin
[2026-09-06 17:36:25] 🔴 بدء إجراء الإغلاق...
[2026-09-06 17:36:25] 🔓 تم مسح الجلسة والتوكن
[2026-09-06 17:36:25] 👋 إغلاق التطبيق

============================================================
[2026-09-06 19:11:38] ===== بدء جلسة جديدة =====
[2026-09-06 19:11:38] [Login] ✅ تسجيل دخول ناجح: admin
[2026-09-06 19:14:48] 🔴 بدء إجراء الإغلاق...
[2026-09-06 19:14:48] 🔓 تم مسح الجلسة والتوكن
[2026-09-06 19:14:48] 👋 إغلاق التطبيق

============================================================
[2026-09-06 20:56:51] ===== بدء جلسة جديدة =====
[2026-09-06 20:56:51] [Login] ✅ تسجيل دخول ناجح: admin
[2026-09-06 21:00:06] 🔴 بدء إجراء الإغلاق...
[2026-09-06 21:00:06] 🔓 تم مسح الجلسة والتوكن
[2026-09-06 21:00:06] 👋 إغلاق التطبيق

============================================================
[2026-09-06 21:12:35] ===== بدء جلسة جديدة =====
[2026-09-06 21:12:35] [Login] ✅ تسجيل دخول ناجح: admin

============================================================
[2026-09-06 21:16:15] ===== بدء جلسة جديدة =====
[2026-09-06 21:16:15] [Login] ✅ تسجيل دخول ناجح: admin

============================================================
[2026-09-06 21:25:38] ===== بدء جلسة جديدة =====
[2026-09-06 21:25:38] [Login] ✅ تسجيل دخول ناجح: admin

============================================================
[2026-09-06 21:29:07] ===== بدء جلسة جديدة =====
[2026-09-06 21:29:07] [Login] ✅ تسجيل دخول ناجح: admin

============================================================
[2026-09-06 21:44:26] ===== بدء جلسة جديدة =====
[2026-09-06 21:44:26] [Login] ✅ تسجيل دخول ناجح: admin

============================================================
[2026-09-06 21:47:55] ===== بدء جلسة جديدة =====
[2026-09-06 21:47:55] [Login] ✅ تسجيل دخول ناجح: admin

============================================================
[2026-09-06 21:49:45] ===== بدء جلسة جديدة =====
[2026-09-06 21:49:45] [Login] ✅ تسجيل دخول ناجح: admin

============================================================
[2026-09-06 21:50:54] ===== بدء جلسة جديدة =====
[2026-09-06 21:50:55] [Login] ✅ تسجيل دخول ناجح: admin
[2026-09-06 21:51:00] 🔴 بدء إجراء الإغلاق...
[2026-09-06 21:51:00] 🔓 تم مسح الجلسة والتوكن
[2026-09-06 21:51:00] 👋 إغلاق التطبيق

============================================================
[2026-09-06 21:51:11] ===== بدء جلسة جديدة =====
[2026-09-06 21:51:11] [Login] ✅ تسجيل دخول ناجح: admin

============================================================
[2026-09-06 21:52:23] ===== بدء جلسة جديدة =====
[2026-09-06 21:52:23] [Login] ✅ تسجيل دخول ناجح: admin

============================================================
[2026-09-06 21:56:03] ===== بدء جلسة جديدة =====
[2026-09-06 21:56:03] [Login] ✅ تسجيل دخول ناجح: admin
[2026-09-06 21:56:12] 🔴 بدء إجراء الإغلاق...
[2026-09-06 21:56:12] 🔓 تم مسح الجلسة والتوكن
[2026-09-06 21:56:12] 👋 إغلاق التطبيق

============================================================
[2026-09-06 21:57:50] ===== بدء جلسة جديدة =====
[2026-09-06 21:57:50] [Login] ✅ تسجيل دخول ناجح: admin

============================================================
[2026-09-06 21:58:03] ===== بدء جلسة جديدة =====
[2026-09-06 21:58:03] [Login] ✅ تسجيل دخول ناجح: admin

============================================================
[2026-09-06 21:58:57] ===== بدء جلسة جديدة =====
[2026-09-06 21:58:57] [Login] ✅ تسجيل دخول ناجح: admin

============================================================
[2026-09-06 22:00:53] ===== بدء جلسة جديدة =====
[2026-09-06 22:00:53] [Login] ✅ تسجيل دخول ناجح: admin

============================================================
[2026-09-06 22:03:09] ===== بدء جلسة جديدة =====
[2026-09-06 22:03:09] [Login] ✅ تسجيل دخول ناجح: admin

============================================================
[2026-09-06 22:04:16] ===== بدء جلسة جديدة =====
[2026-09-06 22:04:16] [Login] ✅ تسجيل دخول ناجح: admin

============================================================
[2026-09-06 22:05:30] ===== بدء جلسة جديدة =====
[2026-09-06 22:05:30] [Login] ✅ تسجيل دخول ناجح: admin

============================================================
[2026-09-06 22:07:22] ===== بدء جلسة جديدة =====
[2026-09-06 22:07:22] [Login] ✅ تسجيل دخول ناجح: admin

============================================================
[2026-09-06 22:23:10] ===== بدء جلسة جديدة =====
[2026-09-06 22:23:10] [Login] ✅ تسجيل دخول ناجح: admin

============================================================
[2026-09-06 22:25:16] ===== بدء جلسة جديدة =====
[2026-09-06 22:25:16] [Login] ✅ تسجيل دخول ناجح: admin

============================================================
[2026-09-06 22:27:03] ===== بدء جلسة جديدة =====
[2026-09-06 22:27:03] [Login] ✅ تسجيل دخول ناجح: admin

============================================================
[2026-09-06 22:28:51] ===== بدء جلسة جديدة =====
[2026-09-06 22:28:51] [Login] ✅ تسجيل دخول ناجح: admin

============================================================
[2026-09-06 22:31:04] ===== بدء جلسة جديدة =====
[2026-09-06 22:31:04] [Login] ✅ تسجيل دخول ناجح: admin

============================================================
[2026-09-06 22:33:16] ===== بدء جلسة جديدة =====
[2026-09-06 22:33:16] [Login] ✅ تسجيل دخول ناجح: admin

============================================================
[2026-09-06 22:36:52] ===== بدء جلسة جديدة =====
[2026-09-06 22:36:52] [Login] ✅ تسجيل دخول ناجح: admin

============================================================
[2026-09-06 22:37:31] ===== بدء جلسة جديدة =====
[2026-09-06 22:37:31] [Login] ✅ تسجيل دخول ناجح: admin

============================================================
[2026-09-06 22:54:18] ===== بدء جلسة جديدة =====
[2026-09-06 22:54:18] [Login] ✅ تسجيل دخول ناجح: admin

============================================================
[2026-09-06 23:00:51] ===== بدء جلسة جديدة =====
[2026-09-06 23:00:51] [Login] ✅ تسجيل دخول ناجح: admin

============================================================
[2026-09-06 23:04:35] ===== بدء جلسة جديدة =====
[2026-09-06 23:04:35] [Login] ✅ تسجيل دخول ناجح: admin

============================================================
[2026-09-06 23:13:27] ===== بدء جلسة جديدة =====
[2026-09-06 23:13:27] [Login] ✅ تسجيل دخول ناجح: admin
[2026-09-06 23:27:28] 🔴 بدء إجراء الإغلاق...
[2026-09-06 23:27:28] 🔓 تم مسح الجلسة والتوكن
[2026-09-06 23:27:28] 👋 إغلاق التطبيق

============================================================
[2026-09-06 23:27:57] ===== بدء جلسة جديدة =====
[2026-09-06 23:27:57] [Login] ✅ تسجيل دخول ناجح: admin

============================================================
[2026-09-06 23:29:29] ===== بدء جلسة جديدة =====
[2026-09-06 23:29:29] [Login] ✅ تسجيل دخول ناجح: admin

============================================================
[2026-09-06 23:30:22] ===== بدء جلسة جديدة =====
[2026-09-06 23:30:22] [Login] ✅ تسجيل دخول ناجح: admin

============================================================
[2026-09-06 23:33:27] ===== بدء جلسة جديدة =====
[2026-09-06 23:33:27] [Login] ✅ تسجيل دخول ناجح: admin

============================================================
[2026-09-06 23:55:23] ===== بدء جلسة جديدة =====
[2026-09-06 23:55:23] [Login] ✅ تسجيل دخول ناجح: admin

============================================================
[2026-09-06 23:56:35] ===== بدء جلسة جديدة =====
[2026-09-06 23:56:35] [Login] ✅ تسجيل دخول ناجح: admin

============================================================
[2026-09-06 23:58:07] ===== بدء جلسة جديدة =====
[2026-09-06 23:58:07] [Login] ✅ تسجيل دخول ناجح: admin

============================================================
[2026-09-07 00:03:05] ===== بدء جلسة جديدة =====
[2026-09-07 00:03:05] [Login] ✅ تسجيل دخول ناجح: admin

============================================================
[2026-09-07 00:06:30] ===== بدء جلسة جديدة =====
[2026-09-07 00:06:30] [Login] ✅ تسجيل دخول ناجح: admin

============================================================
[2026-09-07 00:09:56] ===== بدء جلسة جديدة =====
[2026-09-07 00:09:56] [Login] ✅ تسجيل دخول ناجح: admin

============================================================
[2026-09-07 00:13:17] ===== بدء جلسة جديدة =====
[2026-09-07 00:13:17] [Login] ✅ تسجيل دخول ناجح: admin

============================================================
[2026-09-07 00:17:39] ===== بدء جلسة جديدة =====
[2026-09-07 00:17:39] [Login] ✅ تسجيل دخول ناجح: admin

============================================================
[2026-09-07 00:20:25] ===== بدء جلسة جديدة =====
[2026-09-07 00:20:25] [Login] ✅ تسجيل دخول ناجح: admin

============================================================
[2026-09-07 00:23:59] ===== بدء جلسة جديدة =====
[2026-09-07 00:23:59] [Login] ✅ تسجيل دخول ناجح: admin

============================================================
[2026-09-07 00:24:39] ===== بدء جلسة جديدة =====
[2026-09-07 00:24:39] [Login] ✅ تسجيل دخول ناجح: admin

============================================================
[2026-09-07 00:27:51] ===== بدء جلسة جديدة =====
[2026-09-07 00:27:51] [Login] ✅ تسجيل دخول ناجح: admin

============================================================
[2026-09-07 00:32:39] ===== بدء جلسة جديدة =====
[2026-09-07 00:32:39] [Login] ✅ تسجيل دخول ناجح: admin

============================================================
[2026-09-07 00:33:04] ===== بدء جلسة جديدة =====
[2026-09-07 00:33:04] [Login] ✅ تسجيل دخول ناجح: admin

============================================================
[2026-09-07 00:34:50] ===== بدء جلسة جديدة =====
[2026-09-07 00:34:50] [Login] ✅ تسجيل دخول ناجح: admin

============================================================
[2026-09-07 00:36:21] ===== بدء جلسة جديدة =====
[2026-09-07 00:36:21] [Login] ✅ تسجيل دخول ناجح: admin
[2026-09-07 00:40:10] 🔴 بدء إجراء الإغلاق...
[2026-09-07 00:40:10] 🔓 تم مسح الجلسة والتوكن
[2026-09-07 00:40:10] 👋 إغلاق التطبيق

============================================================
[2026-09-07 18:46:26] ===== بدء جلسة جديدة =====
[2026-09-07 18:46:26] [Login] ✅ تسجيل دخول ناجح: admin

============================================================
[2026-09-07 18:52:37] ===== بدء جلسة جديدة =====
[2026-09-07 18:52:37] [Login] ✅ تسجيل دخول ناجح: admin

============================================================
[2026-09-07 18:53:25] ===== بدء جلسة جديدة =====
[2026-09-07 18:53:25] [Login] ✅ تسجيل دخول ناجح: admin

============================================================
[2026-09-07 19:00:28] ===== بدء جلسة جديدة =====
[2026-09-07 19:00:28] [Login] ✅ تسجيل دخول ناجح: admin

============================================================
[2026-09-07 19:06:02] ===== بدء جلسة جديدة =====
[2026-09-07 19:06:02] [Login] ✅ تسجيل دخول ناجح: admin
[2026-09-07 19:11:26] 🔴 بدء إجراء الإغلاق...
[2026-09-07 19:11:26] 🔓 تم مسح الجلسة والتوكن
[2026-09-07 19:11:26] 👋 إغلاق التطبيق

============================================================
[2026-09-07 19:12:30] ===== بدء جلسة جديدة =====
[2026-09-07 19:12:30] [Login] ✅ تسجيل دخول ناجح: admin

============================================================
[2026-09-07 19:18:04] ===== بدء جلسة جديدة =====
[2026-09-07 19:18:04] [Login] ✅ تسجيل دخول ناجح: admin

============================================================
[2026-09-07 19:19:59] ===== بدء جلسة جديدة =====
[2026-09-07 19:19:59] [Login] ✅ تسجيل دخول ناجح: admin

============================================================
[2026-09-07 19:23:25] ===== بدء جلسة جديدة =====
[2026-09-07 19:23:25] [Login] ✅ تسجيل دخول ناجح: admin

============================================================
[2026-09-07 19:36:17] ===== بدء جلسة جديدة =====
[2026-09-07 19:36:17] [Login] ✅ تسجيل دخول ناجح: admin
[2026-09-07 19:39:53] 🔴 بدء إجراء الإغلاق...
[2026-09-07 19:39:53] 🔓 تم مسح الجلسة والتوكن
[2026-09-07 19:39:53] 👋 إغلاق التطبيق

============================================================
[2026-09-07 20:13:50] ===== بدء جلسة جديدة =====
[2026-09-07 20:13:50] [Login] ✅ تسجيل دخول ناجح: admin

============================================================
[2026-09-07 20:16:09] ===== بدء جلسة جديدة =====
[2026-09-07 20:16:09] [Login] ✅ تسجيل دخول ناجح: admin
[2026-09-07 20:16:22] 🔴 بدء إجراء الإغلاق...
[2026-09-07 20:16:22] 🔓 تم مسح الجلسة والتوكن
[2026-09-07 20:16:22] 👋 إغلاق التطبيق

============================================================
[2026-09-07 20:19:44] ===== بدء جلسة جديدة =====
[2026-09-07 20:19:44] [Login] ✅ تسجيل دخول ناجح: admin

============================================================
[2026-09-07 20:22:42] ===== بدء جلسة جديدة =====
[2026-09-07 20:22:42] [Login] ✅ تسجيل دخول ناجح: admin

============================================================
[2026-09-07 20:27:58] ===== بدء جلسة جديدة =====
[2026-09-07 20:27:58] [Login] ✅ تسجيل دخول ناجح: admin
[2026-09-07 20:33:26] 🔴 بدء إجراء الإغلاق...
[2026-09-07 20:33:26] 🔓 تم مسح الجلسة والتوكن
[2026-09-07 20:33:26] 👋 إغلاق التطبيق

============================================================
[2026-09-07 21:09:15] ===== بدء جلسة جديدة =====
[2026-09-07 21:09:15] [Login] ✅ تسجيل دخول ناجح: admin

============================================================
[2026-09-07 22:06:59] ===== بدء جلسة جديدة =====
[2026-09-07 22:06:59] [Login] ✅ تسجيل دخول ناجح: admin

============================================================
[2026-09-07 22:11:18] ===== بدء جلسة جديدة =====
[2026-09-07 22:11:18] [Login] ✅ تسجيل دخول ناجح: admin
[2026-09-07 22:11:56] 🔴 بدء إجراء الإغلاق...
[2026-09-07 22:11:56] 🔓 تم مسح الجلسة والتوكن
[2026-09-07 22:11:56] 👋 إغلاق التطبيق

============================================================
[2026-09-07 22:24:31] ===== بدء جلسة جديدة =====
[2026-09-07 22:24:31] [Login] ✅ تسجيل دخول ناجح: admin

============================================================
[2026-09-07 22:27:59] ===== بدء جلسة جديدة =====
[2026-09-07 22:27:59] [Login] ✅ تسجيل دخول ناجح: admin

============================================================
[2026-09-07 22:34:56] ===== بدء جلسة جديدة =====
[2026-09-07 22:34:56] [Login] ✅ تسجيل دخول ناجح: admin
[2026-09-07 22:35:54] 🔴 بدء إجراء الإغلاق...
[2026-09-07 22:35:54] 🔓 تم مسح الجلسة والتوكن
[2026-09-07 22:35:54] 👋 إغلاق التطبيق

============================================================
[2026-09-07 22:39:48] ===== بدء جلسة جديدة =====
[2026-09-07 22:39:48] [Login] ✅ تسجيل دخول ناجح: admin

============================================================
[2026-09-07 22:41:51] ===== بدء جلسة جديدة =====
[2026-09-07 22:41:51] [Login] ✅ تسجيل دخول ناجح: admin

============================================================
[2026-09-07 22:42:58] ===== بدء جلسة جديدة =====
[2026-09-07 22:42:58] [Login] ✅ تسجيل دخول ناجح: admin

============================================================
[2026-09-07 22:45:08] ===== بدء جلسة جديدة =====
[2026-09-07 22:45:08] [Login] ✅ تسجيل دخول ناجح: admin
[2026-09-07 22:45:33] 🔴 بدء إجراء الإغلاق...
[2026-09-07 22:45:33] 🔓 تم مسح الجلسة والتوكن
[2026-09-07 22:45:33] 👋 إغلاق التطبيق

============================================================
[2026-09-07 22:46:24] ===== بدء جلسة جديدة =====
[2026-09-07 22:46:24] [Login] ✅ تسجيل دخول ناجح: admin
[2026-09-07 22:47:13] 🔴 بدء إجراء الإغلاق...
[2026-09-07 22:47:13] 🔓 تم مسح الجلسة والتوكن
[2026-09-07 22:47:13] 👋 إغلاق التطبيق

============================================================
[2026-09-07 23:46:35] ===== بدء جلسة جديدة =====
[2026-09-07 23:46:35] [Login] ✅ تسجيل دخول ناجح: admin
[2026-09-08 00:25:21] 🔴 بدء إجراء الإغلاق...
[2026-09-08 00:25:21] 🔓 تم مسح الجلسة والتوكن
[2026-09-08 00:25:21] 👋 إغلاق التطبيق

============================================================
[2026-09-08 13:18:52] ===== بدء جلسة جديدة =====
[2026-09-08 13:18:52] [Login] ✅ تسجيل دخول ناجح: admin
[2026-09-08 13:19:50] [AdminUsers] ✅ تم تحميل 2 مستخدم

============================================================
[2026-09-08 13:31:03] ===== بدء جلسة جديدة =====
[2026-09-08 13:31:03] [Login] ✅ تسجيل دخول ناجح: admin

============================================================
[2026-09-08 13:42:43] ===== بدء جلسة جديدة =====
[2026-09-08 13:42:43] [Login] ✅ تسجيل دخول ناجح: admin

============================================================
[2026-09-08 13:53:59] ===== بدء جلسة جديدة =====
[2026-09-08 13:53:59] [Login] ✅ تسجيل دخول ناجح: admin

============================================================
[2026-09-08 13:56:51] ===== بدء جلسة جديدة =====
[2026-09-08 13:56:51] [Login] ✅ تسجيل دخول ناجح: admin

============================================================
[2026-09-08 14:02:22] ===== بدء جلسة جديدة =====
[2026-09-08 14:02:22] [Login] ✅ تسجيل دخول ناجح: admin

============================================================
[2026-09-08 14:03:50] ===== بدء جلسة جديدة =====
[2026-09-08 14:03:50] [Login] ✅ تسجيل دخول ناجح: admin

============================================================
[2026-09-08 14:05:01] ===== بدء جلسة جديدة =====
[2026-09-08 14:05:01] [Login] ✅ تسجيل دخول ناجح: admin

============================================================
[2026-09-08 14:08:13] ===== بدء جلسة جديدة =====
[2026-09-08 14:08:13] [Login] ✅ تسجيل دخول ناجح: admin

============================================================
[2026-09-08 14:10:25] ===== بدء جلسة جديدة =====
[2026-09-08 14:10:25] [Login] ✅ تسجيل دخول ناجح: admin

============================================================
[2026-09-08 14:31:05] ===== بدء جلسة جديدة =====
[2026-09-08 14:31:05] [Login] ✅ تسجيل دخول ناجح: admin

============================================================
[2026-09-08 14:32:04] ===== بدء جلسة جديدة =====
[2026-09-08 14:32:04] [Login] ✅ تسجيل دخول ناجح: admin
[2026-09-08 14:45:48] 🔴 بدء إجراء الإغلاق...
[2026-09-08 14:45:48] 🔓 تم مسح الجلسة والتوكن
[2026-09-08 14:45:48] 👋 إغلاق التطبيق

============================================================
[2026-09-08 21:52:34] ===== بدء جلسة جديدة =====
[2026-09-08 21:52:34] [Login] ✅ تسجيل دخول ناجح: admin

============================================================
[2026-09-08 22:18:01] ===== بدء جلسة جديدة =====
[2026-09-08 22:18:01] [Login] ✅ تسجيل دخول ناجح: admin

============================================================
[2026-09-08 22:40:46] ===== بدء جلسة جديدة =====
[2026-09-08 22:40:46] [Login] ✅ تسجيل دخول ناجح: admin

============================================================
[2026-09-08 22:41:45] ===== بدء جلسة جديدة =====
[2026-09-08 22:41:45] [Login] ✅ تسجيل دخول ناجح: admin
[2026-09-08 22:42:45] 🔴 بدء إجراء الإغلاق...
[2026-09-08 22:42:45] 🔓 تم مسح الجلسة والتوكن
[2026-09-08 22:42:45] 👋 إغلاق التطبيق

============================================================
[2026-09-08 22:44:31] ===== بدء جلسة جديدة =====
[2026-09-08 22:44:31] [Login] ✅ تسجيل دخول ناجح: admin

============================================================
[2026-09-08 22:45:11] ===== بدء جلسة جديدة =====
[2026-09-08 22:45:11] [Login] ✅ تسجيل دخول ناجح: admin

============================================================
[2026-09-08 22:55:38] ===== بدء جلسة جديدة =====
[2026-09-08 22:55:38] [Login] ✅ تسجيل دخول ناجح: admin

============================================================
[2026-09-08 22:59:56] ===== بدء جلسة جديدة =====
[2026-09-08 22:59:56] [Login] ✅ تسجيل دخول ناجح: admin
[2026-09-08 23:02:32] 🔴 بدء إجراء الإغلاق...
[2026-09-08 23:02:32] 🔓 تم مسح الجلسة والتوكن
[2026-09-08 23:02:32] 👋 إغلاق التطبيق

============================================================
[2026-09-08 23:16:28] ===== بدء جلسة جديدة =====
[2026-09-08 23:16:28] [Login] ✅ تسجيل دخول ناجح: admin
[2026-09-08 23:19:00] 🔴 بدء إجراء الإغلاق...
[2026-09-08 23:19:00] 🔓 تم مسح الجلسة والتوكن
[2026-09-08 23:19:00] 👋 إغلاق التطبيق

============================================================
[2026-09-08 23:49:27] ===== بدء جلسة جديدة =====
[2026-09-08 23:49:27] [Login] ✅ تسجيل دخول ناجح: admin

============================================================
[2026-09-09 01:40:40] ===== بدء جلسة جديدة =====
[2026-09-09 01:40:40] [Login] ✅ تسجيل دخول ناجح: admin

============================================================
[2026-09-09 01:49:52] ===== بدء جلسة جديدة =====
[2026-09-09 01:49:52] [Login] ✅ تسجيل دخول ناجح: admin

============================================================
[2026-09-09 02:11:53] ===== بدء جلسة جديدة =====
[2026-09-09 02:11:53] [Login] ✅ تسجيل دخول ناجح: admin

============================================================
[2026-09-09 05:06:05] ===== بدء جلسة جديدة =====
[2026-09-09 05:06:05] [Login] ✅ تسجيل دخول ناجح: admin

============================================================
[2026-09-09 05:07:33] ===== بدء جلسة جديدة =====
[2026-09-09 05:07:33] [Login] ✅ تسجيل دخول ناجح: admin

============================================================
[2026-09-09 05:11:37] ===== بدء جلسة جديدة =====
[2026-09-09 05:11:37] [Login] ✅ تسجيل دخول ناجح: admin

============================================================
[2026-09-09 05:15:09] ===== بدء جلسة جديدة =====
[2026-09-09 05:15:09] [Login] ✅ تسجيل دخول ناجح: admin

============================================================
[2026-09-09 05:33:01] ===== بدء جلسة جديدة =====
[2026-09-09 05:33:01] [Login] ✅ تسجيل دخول ناجح: admin

============================================================
[2026-09-09 06:00:34] ===== بدء جلسة جديدة =====
[2026-09-09 06:00:34] [Login] ✅ تسجيل دخول ناجح: admin

============================================================
[2026-09-09 06:12:39] ===== بدء جلسة جديدة =====
[2026-09-09 06:12:39] [Login] ✅ تسجيل دخول ناجح: admin

============================================================
<<<<<<< Updated upstream
<<<<<<< Updated upstream
[2026-09-09 09:20:48] ===== بدء جلسة جديدة =====
[2026-09-09 09:20:48] 🔴 بدء إجراء الإغلاق...
[2026-09-09 09:20:48] 🔓 تم مسح الجلسة والتوكن
[2026-09-09 09:20:48] 👋 إغلاق التطبيق

============================================================
[2026-09-09 09:21:29] ===== بدء جلسة جديدة =====
[2026-09-09 09:21:29] [Login] ✅ تسجيل دخول ناجح: admin

============================================================
[2026-09-09 10:01:33] ===== بدء جلسة جديدة =====
[2026-09-09 10:01:33] [Login] ✅ تسجيل دخول ناجح: admin

============================================================
[2026-09-09 10:01:44] ===== بدء جلسة جديدة =====
[2026-09-09 10:01:44] [Login] ✅ تسجيل دخول ناجح: admin

============================================================
[2026-09-09 10:02:02] ===== بدء جلسة جديدة =====
[2026-09-09 10:02:02] [Login] ✅ تسجيل دخول ناجح: admin

============================================================
[2026-09-09 10:03:07] ===== بدء جلسة جديدة =====
[2026-09-09 10:03:07] [Login] ✅ تسجيل دخول ناجح: admin

============================================================
[2026-09-09 10:04:12] ===== بدء جلسة جديدة =====
[2026-09-09 10:04:12] [Login] ✅ تسجيل دخول ناجح: admin

============================================================
[2026-09-09 10:04:28] ===== بدء جلسة جديدة =====
[2026-09-09 10:04:28] [Login] ✅ تسجيل دخول ناجح: admin

============================================================
[2026-09-09 10:05:40] ===== بدء جلسة جديدة =====
[2026-09-09 10:05:40] [Login] ✅ تسجيل دخول ناجح: admin

============================================================
[2026-09-09 10:05:53] ===== بدء جلسة جديدة =====
[2026-09-09 10:05:53] [Login] ✅ تسجيل دخول ناجح: admin

============================================================
[2026-09-09 10:13:18] ===== بدء جلسة جديدة =====
[2026-09-09 10:13:18] 🔴 بدء إجراء الإغلاق...
[2026-09-09 10:13:18] 🔓 تم مسح الجلسة والتوكن
[2026-09-09 10:13:18] 👋 إغلاق التطبيق

============================================================
[2026-09-09 12:07:37] ===== بدء جلسة جديدة =====
[2026-09-09 12:07:37] [Login] ✅ تسجيل دخول ناجح: admin
[2026-09-09 12:10:57] 🔴 بدء إجراء الإغلاق...
[2026-09-09 12:10:57] 🔓 تم مسح الجلسة والتوكن
[2026-09-09 12:10:57] 👋 إغلاق التطبيق

============================================================
[2026-09-09 12:15:22] ===== بدء جلسة جديدة =====
[2026-09-09 12:15:22] [Login] ✅ تسجيل دخول ناجح: admin

============================================================
[2026-09-09 12:18:48] ===== بدء جلسة جديدة =====
[2026-09-09 12:18:48] [Login] ✅ تسجيل دخول ناجح: admin

============================================================
[2026-09-09 12:21:04] ===== بدء جلسة جديدة =====
[2026-09-09 12:21:04] [Login] ✅ تسجيل دخول ناجح: admin

============================================================
[2026-09-09 12:27:33] ===== بدء جلسة جديدة =====
[2026-09-09 12:27:33] [Login] ✅ تسجيل دخول ناجح: admin
[2026-09-09 12:36:28] 🔴 بدء إجراء الإغلاق...
[2026-09-09 12:36:28] 🔓 تم مسح الجلسة والتوكن
[2026-09-09 12:36:28] 👋 إغلاق التطبيق

============================================================
[2026-09-09 13:31:24] ===== بدء جلسة جديدة =====
[2026-09-09 13:31:24] [Login] ✅ تسجيل دخول ناجح: admin

============================================================
[2026-09-09 13:34:03] ===== بدء جلسة جديدة =====
[2026-09-09 13:34:03] [Login] ✅ تسجيل دخول ناجح: admin

============================================================
[2026-09-09 13:36:32] ===== بدء جلسة جديدة =====
[2026-09-09 13:36:32] [Login] ✅ تسجيل دخول ناجح: admin

============================================================
[2026-09-09 13:40:34] ===== بدء جلسة جديدة =====
[2026-09-09 13:40:34] [Login] ✅ تسجيل دخول ناجح: admin

============================================================
[2026-09-09 13:44:55] ===== بدء جلسة جديدة =====
[2026-09-09 13:44:55] [Login] ✅ تسجيل دخول ناجح: admin

============================================================
[2026-09-09 13:49:46] ===== بدء جلسة جديدة =====
[2026-09-09 13:49:46] [Login] ✅ تسجيل دخول ناجح: admin

============================================================
[2026-09-09 13:51:47] ===== بدء جلسة جديدة =====
[2026-09-09 13:51:47] [Login] ✅ تسجيل دخول ناجح: admin

============================================================
[2026-09-09 13:59:05] ===== بدء جلسة جديدة =====
[2026-09-09 13:59:05] [Login] ✅ تسجيل دخول ناجح: admin

============================================================
[2026-09-09 14:02:34] ===== بدء جلسة جديدة =====
[2026-09-09 14:02:34] [Login] ✅ تسجيل دخول ناجح: admin

============================================================
[2026-09-09 14:07:18] ===== بدء جلسة جديدة =====
[2026-09-09 14:07:18] [Login] ✅ تسجيل دخول ناجح: admin

============================================================
[2026-09-09 14:14:00] ===== بدء جلسة جديدة =====
[2026-09-09 14:14:00] [Login] ✅ تسجيل دخول ناجح: admin

============================================================
[2026-09-09 14:17:29] ===== بدء جلسة جديدة =====
[2026-09-09 14:17:29] [Login] ✅ تسجيل دخول ناجح: admin

============================================================
[2026-09-09 14:20:20] ===== بدء جلسة جديدة =====
[2026-09-09 14:20:20] [Login] ✅ تسجيل دخول ناجح: admin

============================================================
[2026-09-09 14:51:29] ===== بدء جلسة جديدة =====
[2026-09-09 14:51:29] [Login] ✅ تسجيل دخول ناجح: admin
=======
=======
>>>>>>> Stashed changes
[2026-09-09 23:31:48] ===== بدء جلسة جديدة =====
[2026-09-09 23:31:48] [Login] ✅ تسجيل دخول ناجح: admin
[2026-09-09 23:32:00] 🔴 بدء إجراء الإغلاق...
[2026-09-09 23:32:00] 🔓 تم مسح الجلسة والتوكن
[2026-09-09 23:32:00] 👋 إغلاق التطبيق

============================================================
[2026-09-11 15:57:07] ===== بدء جلسة جديدة =====
[2026-09-11 15:57:07] [Login] ✅ تسجيل دخول ناجح: admin

============================================================
[2026-09-11 16:24:29] ===== بدء جلسة جديدة =====
[2026-09-11 16:24:29] [Login] ✅ تسجيل دخول ناجح: admin

============================================================
[2026-09-11 16:35:15] ===== بدء جلسة جديدة =====
[2026-09-11 16:35:15] [Login] ✅ تسجيل دخول ناجح: admin

============================================================
[2026-09-11 16:42:19] ===== بدء جلسة جديدة =====
[2026-09-11 16:42:19] [Login] ✅ تسجيل دخول ناجح: admin

============================================================
[2026-09-11 18:10:30] ===== بدء جلسة جديدة =====
[2026-09-11 18:10:30] [Login] ✅ تسجيل دخول ناجح: admin

============================================================
[2026-09-11 19:58:45] ===== بدء جلسة جديدة =====
[2026-09-11 19:58:45] [Login] ✅ تسجيل دخول ناجح: admin

============================================================
[2026-09-11 20:00:34] ===== بدء جلسة جديدة =====
[2026-09-11 20:00:34] [Login] ✅ تسجيل دخول ناجح: admin

============================================================
[2026-09-11 20:02:34] ===== بدء جلسة جديدة =====
[2026-09-11 20:02:34] [Login] ✅ تسجيل دخول ناجح: admin

============================================================
[2026-09-11 20:04:50] ===== بدء جلسة جديدة =====
[2026-09-11 20:04:50] [Login] ✅ تسجيل دخول ناجح: admin

============================================================
[2026-09-11 20:09:10] ===== بدء جلسة جديدة =====
[2026-09-11 20:09:10] [Login] ✅ تسجيل دخول ناجح: admin

============================================================
[2026-09-11 20:12:47] ===== بدء جلسة جديدة =====
[2026-09-11 20:12:47] [Login] ✅ تسجيل دخول ناجح: admin
<<<<<<< Updated upstream
>>>>>>> Stashed changes
=======
>>>>>>> Stashed changes

============================================================
[2026-09-11 20:48:28] ===== بدء جلسة جديدة =====
[2026-09-11 20:48:28] [Login] ✅ تسجيل دخول ناجح: admin
[2026-09-11 21:32:33] 🔴 بدء إجراء الإغلاق...
[2026-09-11 21:32:33] 🔓 تم مسح الجلسة والتوكن
[2026-09-11 21:32:33] 👋 إغلاق التطبيق

============================================================
[2026-09-11 21:44:18] ===== بدء جلسة جديدة =====
[2026-09-11 21:44:18] [Login] ✅ تسجيل دخول ناجح: admin

============================================================
[2026-09-11 21:51:38] ===== بدء جلسة جديدة =====
[2026-09-11 21:51:38] [Login] ✅ تسجيل دخول ناجح: admin
[2026-09-11 21:53:20] 🔴 بدء إجراء الإغلاق...
[2026-09-11 21:53:20] 🔓 تم مسح الجلسة والتوكن
[2026-09-11 21:53:20] 👋 إغلاق التطبيق

============================================================
[2026-09-11 22:18:27] ===== بدء جلسة جديدة =====
[2026-09-11 22:18:27] [Login] ✅ تسجيل دخول ناجح: admin

============================================================
[2026-09-11 22:23:04] ===== بدء جلسة جديدة =====
[2026-09-11 22:23:04] [Login] ✅ تسجيل دخول ناجح: admin
[2026-09-11 22:36:21] 🔴 بدء إجراء الإغلاق...
[2026-09-11 22:36:21] 🔓 تم مسح الجلسة والتوكن
[2026-09-11 22:36:21] 👋 إغلاق التطبيق

============================================================
[2026-09-11 23:09:54] ===== بدء جلسة جديدة =====
[2026-09-11 23:09:54] [Login] ✅ تسجيل دخول ناجح: admin
